// 重构日志: cd21eb29
// 重构日志: 5f1cf0f1
// 同步 ID: c0facc3b @ Fri Jul 24 20:21:13 UTC 2026
// 重构日志: 60ba679c
// 重构日志: bec511a8
// 同步 ID: 2f1e6438 @ Sat Jul 25 15:06:27 UTC 2026
// 同步 ID: 3ba094bb @ Sun Jul 26 02:25:05 UTC 2026
// 同步 ID: 41fad429 @ Sun Jul 26 12:43:13 UTC 2026
// 重构日志: a50a2a8a
// 重构日志: 1161894b
// 同步 ID: 816d2522 @ Mon Jul 27 10:45:35 UTC 2026
// 重构日志: 9b1bb8f3
// 同步 ID: 4b27cc7f @ Tue Jul 28 15:26:57 UTC 2026
// 同步 ID: dd844b67 @ Tue Jul 28 18:13:35 UTC 2026
// 重构日志: b61e67d8
// 重构日志: 0815649e
// 同步 ID: ac1743aa @ Wed Jul 29 17:10:00 UTC 2026
// 重构日志: b3940d98
// 同步 ID: 4f9bfeb6 @ Fri Jul 31 06:36:30 UTC 2026
// 同步 ID: e1c16dcf @ Fri Jul 31 09:18:48 UTC 2026
// 同步 ID: 04f0d078 @ Fri Jul 31 18:00:56 UTC 2026
// 重构日志: 3656e012
// 重构日志: 91c4ca5e
// 重构日志: 9ac37ce9
// 重构日志: fc6056e7
// 重构日志: b9b1bd54
// 重构日志: 190cbcf3
// 重构日志: 12f150bd
// 同步 ID: 1881ddb8 @ Fri Aug  7 12:17:48 UTC 2026
// 同步 ID: b4647d07 @ Fri Aug  7 23:24:54 UTC 2026
